usage: train_ft_custom.py [-h] [--version VERSION]
                          [--vision_pretrained VISION_PRETRAINED]
                          [--vision_tower VISION_TOWER]
                          [--conv_type {llava_v1,llava_llama_2}]
                          [--tune_mm_mlp_adapter] [--freeze_mm_mlp_adapter]
                          [--mm_use_im_start_end] [--out_dim OUT_DIM]
                          [--image_size IMAGE_SIZE]
                          [--model_max_length MODEL_MAX_LENGTH]
                          [--lora_target_modules LORA_TARGET_MODULES]
                          [--with_region]
                          [--mm_vision_select_layer MM_VISION_SELECT_LAYER]
                          [--pretrain_mm_mlp_adapter PRETRAIN_MM_MLP_ADAPTER]
                          [--precision PRECISION] --dataset_root DATASET_ROOT
                          [--val_fraction VAL_FRACTION]
                          [--split_seed SPLIT_SEED]
                          [--max_samples MAX_SAMPLES]
                          [--prompt_prefix PROMPT_PREFIX] [--pretrained]
                          [--resume RESUME] [--auto_resume] [--weight WEIGHT]
                          [--lr LR] [--epochs EPOCHS]
                          [--steps_per_epoch STEPS_PER_EPOCH]
                          [--batch_size BATCH_SIZE]
                          [--grad_accumulation_steps GRAD_ACCUMULATION_STEPS]
                          [--val_batch_size VAL_BATCH_SIZE]
                          [--workers WORKERS] [--lora_r LORA_R]
                          [--lora_alpha LORA_ALPHA]
                          [--lora_dropout LORA_DROPOUT]
                          [--ce_loss_weight CE_LOSS_WEIGHT]
                          [--dice_loss_weight DICE_LOSS_WEIGHT]
                          [--bce_loss_weight BCE_LOSS_WEIGHT] [--beta1 BETA1]
                          [--beta2 BETA2] [--gradient_checkpointing]
                          [--train_mask_decoder] [--use_mm_start_end]
                          [--print_freq PRINT_FREQ]
                          [--start_epoch START_EPOCH]
                          [--local_rank LOCAL_RANK] [--mask_validation]
                          [--no_eval] [--eval_only]
                          [--log_base_dir LOG_BASE_DIR] [--exp_name EXP_NAME]
train_ft_custom.py: error: unrecognized arguments: --deepspeed /home/u32/verasjackson/outputs/glamm_custom_ft/ds_config.json
