========================================
Job ID       : 21766028
Node         : r5u27n1
GPU          : 0
Train data   : 
Val data     : 
Output       : /home/u32/verasjackson/outputs/glamm_custom_ft/glamm_custom_segm
Epochs       : 20
Effective BS : 16
Start time   : Tue Apr 14 00:15:57 MST 2026
========================================
Tue Apr 14 00:15:57 2026       
+-----------------------------------------------------------------------------------------+
| NVIDIA-SMI 580.95.05              Driver Version: 580.95.05      CUDA Version: 13.0     |
+-----------------------------------------+------------------------+----------------------+
| GPU  Name                 Persistence-M | Bus-Id          Disp.A | Volatile Uncorr. ECC |
| Fan  Temp   Perf          Pwr:Usage/Cap |           Memory-Usage | GPU-Util  Compute M. |
|                                         |                        |               MIG M. |
|=========================================+========================+======================|
|   0  Tesla V100S-PCIE-32GB          On  |   00000000:25:00.0 Off |                    0 |
| N/A   28C    P0             26W /  250W |       0MiB /  32768MiB |      0%      Default |
|                                         |                        |                  N/A |
+-----------------------------------------+------------------------+----------------------+

+-----------------------------------------------------------------------------------------+
| Processes:                                                                              |
|  GPU   GI   CI              PID   Type   Process name                        GPU Memory |
|        ID   ID                                                               Usage      |
|=========================================================================================|
|  No running processes found                                                             |
+-----------------------------------------------------------------------------------------+
>>> DeepSpeed config written to /home/u32/verasjackson/outputs/glamm_custom_ft/ds_config.json
========================================
Training exit code : 127
End time           : Tue Apr 14 00:15:57 MST 2026
========================================
========================================
All done: Tue Apr 14 00:15:57 MST 2026
========================================
