no change     /opt/ohpc/pub/apps/anaconda/2024.06/condabin/conda
no change     /opt/ohpc/pub/apps/anaconda/2024.06/bin/conda
no change     /opt/ohpc/pub/apps/anaconda/2024.06/bin/conda-env
no change     /opt/ohpc/pub/apps/anaconda/2024.06/bin/activate
no change     /opt/ohpc/pub/apps/anaconda/2024.06/bin/deactivate
no change     /opt/ohpc/pub/apps/anaconda/2024.06/etc/profile.d/conda.sh
no change     /opt/ohpc/pub/apps/anaconda/2024.06/etc/fish/conf.d/conda.fish
no change     /opt/ohpc/pub/apps/anaconda/2024.06/shell/condabin/Conda.psm1
no change     /opt/ohpc/pub/apps/anaconda/2024.06/shell/condabin/conda-hook.ps1
no change     /opt/ohpc/pub/apps/anaconda/2024.06/lib/python3.12/site-packages/xontrib/conda.xsh
no change     /opt/ohpc/pub/apps/anaconda/2024.06/etc/profile.d/conda.csh
no change     /home/u32/verasjackson/.bashrc
No action taken.
========================================
Job ID       : 21767513
Node         : r5u31n1
GPU          : 0
Train data   : 
Val data     : 
Output       : /home/u32/verasjackson/outputs/glamm_custom_ft/glamm_custom_segm
Epochs       : 20
Effective BS : 16
Start time   : Tue Apr 14 09:06:30 MST 2026
========================================
Tue Apr 14 09:06:30 2026       
+-----------------------------------------------------------------------------------------+
| NVIDIA-SMI 580.95.05              Driver Version: 580.95.05      CUDA Version: 13.0     |
+-----------------------------------------+------------------------+----------------------+
| GPU  Name                 Persistence-M | Bus-Id          Disp.A | Volatile Uncorr. ECC |
| Fan  Temp   Perf          Pwr:Usage/Cap |           Memory-Usage | GPU-Util  Compute M. |
|                                         |                        |               MIG M. |
|=========================================+========================+======================|
|   0  Tesla V100S-PCIE-32GB          On  |   00000000:01:00.0 Off |                    0 |
| N/A   34C    P0             25W /  250W |       0MiB /  32768MiB |      0%      Default |
|                                         |                        |                  N/A |
+-----------------------------------------+------------------------+----------------------+

+-----------------------------------------------------------------------------------------+
| Processes:                                                                              |
|  GPU   GI   CI              PID   Type   Process name                        GPU Memory |
|        ID   ID                                                               Usage      |
|=========================================================================================|
|  No running processes found                                                             |
+-----------------------------------------------------------------------------------------+
>>> DeepSpeed config written to /home/u32/verasjackson/outputs/glamm_custom_ft/ds_config.json
[2026-04-14 09:06:34,865] [INFO] [real_accelerator.py:161:get_accelerator] Setting ds_accelerator to cuda (auto detect)
[2026-04-14 09:06:40,832] [WARNING] [runner.py:202:fetch_hostfile] Unable to find hostfile, will proceed with training with local resources only.
Detected CUDA_VISIBLE_DEVICES=0 but ignoring it because one or several of --include/--exclude/--num_gpus/--num_nodes cl args were used. If you want to use CUDA_VISIBLE_DEVICES don't pass any of these arguments to deepspeed.
[2026-04-14 09:06:40,838] [INFO] [runner.py:570:main] cmd = /home/u32/verasjackson/.conda/envs/glamm/bin/python3.10 -u -m deepspeed.launcher.launch --world_info=eyJsb2NhbGhvc3QiOiBbMF19 --master_addr=127.0.0.1 --master_port=29500 --enable_each_rank_log=None train_ft_custom.py --version /home/u32/verasjackson/models/GLaMM-FullScope --vision_pretrained /home/u32/verasjackson/groundingLMM-UA/checkpoints/sam_vit_h_4b8939.pth --dataset_root /groups/bethard/geoparsing/image_dataset/polygon_224/train --max_samples 150 --val_fraction 0.15 --split_seed 42 --log_base_dir /home/u32/verasjackson/outputs/glamm_custom_ft --exp_name glamm_custom_segm --epochs 20 --lr 3e-4 --batch_size 1 --grad_accumulation_steps 16 --model_max_length 1536 --image_size 1024 --workers 4 --lora_r 8 --lora_alpha 16 --lora_dropout 0.05 --ce_loss_weight 1.0 --bce_loss_weight 2.0 --dice_loss_weight 0.5 --precision bf16 --mask_validation --gradient_checkpointing --use_mm_start_end --pretrained --deepspeed /home/u32/verasjackson/outputs/glamm_custom_ft/ds_config.json
[2026-04-14 09:06:41,964] [INFO] [real_accelerator.py:161:get_accelerator] Setting ds_accelerator to cuda (auto detect)
[2026-04-14 09:06:43,427] [INFO] [launch.py:145:main] WORLD INFO DICT: {'localhost': [0]}
[2026-04-14 09:06:43,427] [INFO] [launch.py:151:main] nnodes=1, num_local_procs=1, node_rank=0
[2026-04-14 09:06:43,427] [INFO] [launch.py:162:main] global_rank_mapping=defaultdict(<class 'list'>, {'localhost': [0]})
[2026-04-14 09:06:43,427] [INFO] [launch.py:163:main] dist_world_size=1
[2026-04-14 09:06:43,427] [INFO] [launch.py:165:main] Setting CUDA_VISIBLE_DEVICES=0
[2026-04-14 09:06:44,559] [INFO] [real_accelerator.py:161:get_accelerator] Setting ds_accelerator to cuda (auto detect)
[2026-04-14 09:07:00,444] [INFO] [launch.py:315:sigkill_handler] Killing subprocess 1345982
[2026-04-14 09:07:00,445] [ERROR] [launch.py:321:sigkill_handler] ['/home/u32/verasjackson/.conda/envs/glamm/bin/python3.10', '-u', 'train_ft_custom.py', '--local_rank=0', '--version', '/home/u32/verasjackson/models/GLaMM-FullScope', '--vision_pretrained', '/home/u32/verasjackson/groundingLMM-UA/checkpoints/sam_vit_h_4b8939.pth', '--dataset_root', '/groups/bethard/geoparsing/image_dataset/polygon_224/train', '--max_samples', '150', '--val_fraction', '0.15', '--split_seed', '42', '--log_base_dir', '/home/u32/verasjackson/outputs/glamm_custom_ft', '--exp_name', 'glamm_custom_segm', '--epochs', '20', '--lr', '3e-4', '--batch_size', '1', '--grad_accumulation_steps', '16', '--model_max_length', '1536', '--image_size', '1024', '--workers', '4', '--lora_r', '8', '--lora_alpha', '16', '--lora_dropout', '0.05', '--ce_loss_weight', '1.0', '--bce_loss_weight', '2.0', '--dice_loss_weight', '0.5', '--precision', 'bf16', '--mask_validation', '--gradient_checkpointing', '--use_mm_start_end', '--pretrained', '--deepspeed', '/home/u32/verasjackson/outputs/glamm_custom_ft/ds_config.json'] exits with return code = 1
========================================
Training exit code : 1
End time           : Tue Apr 14 09:07:01 MST 2026
========================================
========================================
All done: Tue Apr 14 09:07:01 MST 2026
========================================
