Found 86 JSON files. Evaluating...

  GL003_211                       IoU=0.000  Dice=0.000  [no predicted masks]
  GL004_454                       IoU=0.000  Dice=0.000  [no predicted masks]
  GL011_337                       IoU=0.000  Dice=0.000  [no predicted masks]
  GL012_243                       IoU=0.000  Dice=0.000  [no predicted masks]
  GL013_479                       IoU=0.000  Dice=0.000  [no predicted masks]
  GL019_412                       IoU=0.000  Dice=0.000  [no predicted masks]
  GL025_463                       IoU=0.000  Dice=0.000  [no predicted masks]
  GL035_296                       IoU=0.000  Dice=0.000  [no predicted masks]
  GL036_118                       IoU=0.178  Dice=0.303
  GL039_178                       IoU=0.000  Dice=0.000  [no predicted masks]
  GL040_316                       IoU=0.000  Dice=0.000  [no predicted masks]
  GL047_001                       IoU=0.000  Dice=0.000  [no predicted masks]
  GL053_445                       IoU=0.029  Dice=0.056
  GL078_277                       IoU=0.000  Dice=0.000  [no predicted masks]
  GL091_059                       IoU=0.000  Dice=0.000  [no predicted masks]
  GL101_294                       IoU=0.000  Dice=0.000  [no predicted masks]
  GL101_431                       IoU=0.001  Dice=0.003
  GL108_053                       IoU=0.000  Dice=0.000  [no predicted masks]
  GL115_288                       IoU=0.000  Dice=0.000  [no predicted masks]
  GL125_342                       IoU=0.037  Dice=0.072
  GL128_187                       IoU=0.004  Dice=0.007
  GL142_148                       IoU=0.018  Dice=0.035
  GL161_076                       IoU=0.000  Dice=0.000  [no predicted masks]
  GL165_453                       IoU=0.000  Dice=0.000  [no predicted masks]
  GL169_454                       IoU=0.130  Dice=0.230
  GL175_031                       IoU=0.000  Dice=0.000  [no predicted masks]
  GL187_489                       IoU=0.000  Dice=0.000  [no predicted masks]
  GL202_292                       IoU=0.000  Dice=0.000  [no predicted masks]
  GL206_138                       IoU=0.000  Dice=0.000  [no predicted masks]
  GL209_340                       IoU=0.000  Dice=0.000  [no predicted masks]
  GL210_384                       IoU=0.000  Dice=0.000  [no predicted masks]
  GL218_457                       IoU=0.040  Dice=0.078
  GL219_222                       IoU=0.000  Dice=0.000  [no predicted masks]
  GL224_469                       IoU=0.000  Dice=0.000  [no predicted masks]
  GL226_448                       IoU=0.000  Dice=0.000  [no predicted masks]
  GL239_176                       IoU=0.000  Dice=0.000  [no predicted masks]
  GL243_056                       IoU=0.118  Dice=0.212
  GL243_068                       IoU=0.000  Dice=0.000
  GL245_481                       IoU=0.000  Dice=0.000  [no predicted masks]
  GL246_047                       IoU=0.000  Dice=0.000  [no predicted masks]
  GL247_146                       IoU=0.000  Dice=0.000  [no predicted masks]
  GL249_032                       IoU=0.000  Dice=0.000  [no predicted masks]
  GL256_333                       IoU=0.000  Dice=0.000
  GL265_465                       IoU=0.000  Dice=0.000  [no predicted masks]
  GL268_325                       IoU=0.000  Dice=0.000  [no predicted masks]
  GL268_337                       IoU=0.367  Dice=0.537
  GL272_045                       IoU=0.000  Dice=0.000  [no predicted masks]
  GL273_191                       IoU=0.000  Dice=0.000  [no predicted masks]
  GL275_358                       IoU=0.000  Dice=0.000  [no predicted masks]
  GL283_118                       IoU=0.000  Dice=0.000  [no predicted masks]
  GL293_025                       IoU=0.000  Dice=0.000  [no predicted masks]
  GL296_169                       IoU=0.000  Dice=0.000  [no predicted masks]
  GL305_463                       IoU=0.000  Dice=0.000  [no predicted masks]
  GL307_225                       IoU=0.000  Dice=0.000  [no predicted masks]
  GL308_165                       IoU=0.000  Dice=0.000  [no predicted masks]
  GL309_064                       IoU=0.355  Dice=0.524
  GL326_008                       IoU=0.000  Dice=0.000  [no predicted masks]
  GL329_039                       IoU=0.000  Dice=0.000  [no predicted masks]
  GL333_181                       IoU=0.000  Dice=0.000  [no predicted masks]
  GL334_489                       IoU=0.000  Dice=0.000  [no predicted masks]
  GL347_306                       IoU=0.000  Dice=0.000  [no predicted masks]
  GL350_357                       IoU=0.071  Dice=0.132
  GL350_365                       IoU=0.000  Dice=0.000  [no predicted masks]
  GL352_319                       IoU=0.000  Dice=0.000
  GL353_293                       IoU=0.000  Dice=0.000  [no predicted masks]
  GL359_011                       IoU=0.000  Dice=0.000  [no predicted masks]
  GL370_058                       IoU=0.000  Dice=0.000  [no predicted masks]
  GL373_056                       IoU=0.033  Dice=0.063
  GL374_220                       IoU=0.000  Dice=0.000  [no predicted masks]
  GL375_160                       IoU=0.000  Dice=0.000  [no predicted masks]
  GL378_073                       IoU=0.000  Dice=0.000  [no predicted masks]
  GL379_189                       IoU=0.018  Dice=0.035
  GL403_467                       IoU=0.969  Dice=0.984
  GL404_174                       IoU=0.000  Dice=0.000  [no predicted masks]
  GL500_053                       IoU=0.000  Dice=0.000  [no predicted masks]
  GL519_234                       IoU=0.000  Dice=0.000  [no predicted masks]
  GL541_082                       IoU=0.000  Dice=0.000  [no predicted masks]
  GL555_156                       IoU=0.000  Dice=0.000
  GL555_194                       IoU=0.000  Dice=0.000  [no predicted masks]
  GL578_059                       IoU=0.000  Dice=0.000  [no predicted masks]
  GL600_455                       IoU=0.000  Dice=0.000  [no predicted masks]
  GL611_119                       IoU=0.000  Dice=0.000  [no predicted masks]
  GL636_444                       IoU=0.000  Dice=0.000  [no predicted masks]
  GL643_033                       IoU=0.000  Dice=0.000  [no predicted masks]
  GL644_083                       IoU=0.000  Dice=0.000  [no predicted masks]
  [WARNING] No GT mask for original_test.json (expected: /home/u32/verasjackson/groundingLMM-UA/test_files/shortlisted_testing_dataset/target/original_test.png)

====================================================
EVALUATION SUMMARY
====================================================
Images evaluated   : 85
Missing GT masks   : 1
Mean IoU           : 0.0279
Mean Dice          : 0.0385
Hit rate (IoU>=0.50): 0.0118  (1/85)
====================================================

Metric guide:
  IoU  >= 0.75  → strong segmentation
  IoU  >= 0.50  → acceptable (COCO standard threshold)
  IoU  <  0.25  → poor overlap, review these images
  Dice >= 0.80  → strong, especially for small masks

Per-image results saved to : /home/u32/verasjackson/groundingLMM-UA/performance_result/eval_results.csv
Summary saved to           : /home/u32/verasjackson/groundingLMM-UA/performance_result/eval_summary.txt
