Found 85 JSON files. Evaluating...

  GL003_211                       IoU=0.002  Dice=0.004 P=1.000  R=0.002 F1=0.004
  GL004_454                       IoU=0.030  Dice=0.058 P=0.982  R=0.030 F1=0.058
  GL011_337                       IoU=0.001  Dice=0.001 P=1.000  R=0.001 F1=0.001
  GL012_243                       IoU=0.038  Dice=0.073 P=1.000  R=0.038 F1=0.073
  GL013_479                       IoU=0.000  Dice=0.000 P=0.000  R=0.000 F1=0.000
  GL019_412                       IoU=0.002  Dice=0.004 P=1.000  R=0.002 F1=0.004
  GL025_463                       IoU=0.074  Dice=0.139 P=0.226  R=0.100 F1=0.139
  GL035_296                       IoU=0.000  Dice=0.000 P=0.000  R=0.000 F1=0.000
  GL036_118                       IoU=0.180  Dice=0.306 P=0.980  R=0.181 F1=0.306
  GL039_178                       IoU=0.013  Dice=0.025 P=0.421  R=0.013 F1=0.025
  GL040_316                       IoU=0.014  Dice=0.028 P=1.000  R=0.014 F1=0.028
  GL047_001                       IoU=0.002  Dice=0.004 P=1.000  R=0.002 F1=0.004
  GL053_445                       IoU=0.028  Dice=0.054 P=1.000  R=0.028 F1=0.054
  GL078_277                       IoU=0.002  Dice=0.005 P=1.000  R=0.002 F1=0.005
  GL091_059                       IoU=0.000  Dice=0.000 P=0.000  R=0.000 F1=0.000
  GL101_294                       IoU=0.010  Dice=0.020 P=0.016  R=0.025 F1=0.020
  GL101_431                       IoU=0.002  Dice=0.004 P=0.003  R=0.011 F1=0.004
  GL108_053                       IoU=0.000  Dice=0.000 P=0.000  R=0.000 F1=0.000
  GL115_288                       IoU=0.006  Dice=0.011 P=1.000  R=0.006 F1=0.011
  GL125_342                       IoU=0.038  Dice=0.072 P=0.992  R=0.038 F1=0.072
  GL128_187                       IoU=0.006  Dice=0.012 P=1.000  R=0.006 F1=0.012
  GL142_148                       IoU=0.018  Dice=0.035 P=0.972  R=0.018 F1=0.035
  GL161_076                       IoU=0.009  Dice=0.018 P=1.000  R=0.009 F1=0.018
  GL165_453                       IoU=0.003  Dice=0.006 P=1.000  R=0.003 F1=0.006
  GL169_454                       IoU=0.139  Dice=0.244 P=0.139  R=0.997 F1=0.244
  GL175_031                       IoU=0.099  Dice=0.180 P=0.964  R=0.099 F1=0.180
  GL187_489                       IoU=0.302  Dice=0.464 P=0.890  R=0.314 F1=0.464
  GL202_292                       IoU=0.008  Dice=0.015 P=1.000  R=0.008 F1=0.015
  GL206_138                       IoU=0.079  Dice=0.146 P=1.000  R=0.079 F1=0.146
  GL209_340                       IoU=0.076  Dice=0.141 P=0.991  R=0.076 F1=0.141
  GL210_384                       IoU=0.108  Dice=0.195 P=1.000  R=0.108 F1=0.195
  GL218_457                       IoU=0.043  Dice=0.083 P=0.932  R=0.043 F1=0.083
  GL219_222                       IoU=0.095  Dice=0.173 P=0.398  R=0.110 F1=0.173
  GL224_469                       IoU=0.000  Dice=0.000 P=0.000  R=0.000 F1=0.000
  GL226_448                       IoU=0.075  Dice=0.140 P=0.998  R=0.075 F1=0.140
  GL239_176                       IoU=0.488  Dice=0.656 P=0.945  R=0.503 F1=0.656
  GL243_056                       IoU=0.044  Dice=0.084 P=0.998  R=0.044 F1=0.084
  GL243_068                       IoU=0.000  Dice=0.000 P=0.000  R=0.000 F1=0.000
  GL245_481                       IoU=0.018  Dice=0.035 P=1.000  R=0.018 F1=0.035
  GL246_047                       IoU=0.008  Dice=0.017 P=0.023  R=0.013 F1=0.017
  GL247_146                       IoU=0.453  Dice=0.624 P=0.834  R=0.498 F1=0.624
  GL249_032                       IoU=0.258  Dice=0.410 P=0.723  R=0.286 F1=0.410
  GL256_333                       IoU=0.261  Dice=0.413 P=0.832  R=0.275 F1=0.413
  GL265_465                       IoU=0.141  Dice=0.248 P=0.678  R=0.152 F1=0.248
  GL268_325                       IoU=0.012  Dice=0.024 P=0.893  R=0.012 F1=0.024
  GL268_337                       IoU=0.374  Dice=0.544 P=0.988  R=0.376 F1=0.544
  GL272_045                       IoU=0.830  Dice=0.907 P=1.000  R=0.830 F1=0.907
  GL273_191                       IoU=0.441  Dice=0.612 P=0.979  R=0.445 F1=0.612
  GL275_358                       IoU=0.023  Dice=0.045 P=1.000  R=0.023 F1=0.045
  GL283_118                       IoU=0.230  Dice=0.373 P=0.617  R=0.268 F1=0.373
  GL293_025                       IoU=0.000  Dice=0.000 P=0.000  R=0.000 F1=0.000  [no predicted masks]
  GL296_169                       IoU=0.147  Dice=0.256 P=0.992  R=0.147 F1=0.256
  GL305_463                       IoU=0.081  Dice=0.151 P=1.000  R=0.081 F1=0.151
  GL307_225                       IoU=0.004  Dice=0.009 P=0.361  R=0.004 F1=0.009
  GL308_165                       IoU=0.000  Dice=0.000 P=0.000  R=0.000 F1=0.000  [no predicted masks]
  GL309_064                       IoU=0.310  Dice=0.473 P=0.993  R=0.311 F1=0.473
  GL326_008                       IoU=0.080  Dice=0.148 P=0.774  R=0.082 F1=0.148
  GL329_039                       IoU=0.009  Dice=0.018 P=0.023  R=0.014 F1=0.018
  GL333_181                       IoU=0.415  Dice=0.587 P=0.961  R=0.422 F1=0.587
  GL334_489                       IoU=0.088  Dice=0.163 P=1.000  R=0.088 F1=0.163
  GL347_306                       IoU=0.016  Dice=0.032 P=0.986  R=0.016 F1=0.032
  GL350_357                       IoU=0.070  Dice=0.130 P=1.000  R=0.070 F1=0.130
  GL350_365                       IoU=0.000  Dice=0.000 P=0.000  R=0.000 F1=0.000
  GL352_319                       IoU=0.000  Dice=0.000 P=0.000  R=0.000 F1=0.000
  GL353_293                       IoU=0.004  Dice=0.008 P=0.005  R=0.044 F1=0.008
  GL359_011                       IoU=0.142  Dice=0.248 P=1.000  R=0.142 F1=0.248
  GL370_058                       IoU=0.000  Dice=0.000 P=0.000  R=0.000 F1=0.000
  GL373_056                       IoU=0.032  Dice=0.062 P=1.000  R=0.032 F1=0.062
  GL374_220                       IoU=0.004  Dice=0.007 P=0.016  R=0.005 F1=0.007
  GL375_160                       IoU=0.035  Dice=0.068 P=1.000  R=0.035 F1=0.068
  GL378_073                       IoU=0.008  Dice=0.015 P=1.000  R=0.008 F1=0.015
  GL379_189                       IoU=0.006  Dice=0.011 P=0.649  R=0.006 F1=0.011
  GL403_467                       IoU=0.967  Dice=0.983 P=0.967  R=1.000 F1=0.983
  GL404_174                       IoU=0.010  Dice=0.019 P=1.000  R=0.010 F1=0.019
  GL500_053                       IoU=0.000  Dice=0.000 P=0.000  R=0.000 F1=0.000  [no predicted masks]
  GL519_234                       IoU=0.063  Dice=0.118 P=0.984  R=0.063 F1=0.118
  GL541_082                       IoU=0.077  Dice=0.142 P=0.998  R=0.077 F1=0.142
  GL555_156                       IoU=0.141  Dice=0.247 P=0.333  R=0.196 F1=0.247
  GL555_194                       IoU=0.000  Dice=0.000 P=0.000  R=0.000 F1=0.000
  GL578_059                       IoU=0.292  Dice=0.453 P=0.534  R=0.393 F1=0.453
  GL600_455                       IoU=0.036  Dice=0.070 P=0.165  R=0.045 F1=0.070
  GL611_119                       IoU=0.000  Dice=0.000 P=0.000  R=0.000 F1=0.000
  GL636_444                       IoU=0.624  Dice=0.768 P=0.926  R=0.656 F1=0.768
  GL643_033                       IoU=0.072  Dice=0.134 P=0.988  R=0.072 F1=0.134
  GL644_083                       IoU=0.053  Dice=0.101 P=1.000  R=0.053 F1=0.101

====================================================
EVALUATION SUMMARY
====================================================
Images evaluated   : 85
Missing GT masks   : 0
Mean IoU           : 0.1043
Mean Dice          : 0.1538
Mean P          : 0.6714
Mean R          : 0.1206
Mean F1           : 0.1538
Hit rate (IoU>=0.50): 0.0353  (3/85)
====================================================

Metric guide:
  IoU  >= 0.75  → strong segmentation
  IoU  >= 0.50  → acceptable (COCO standard threshold)
  IoU  <  0.25  → poor overlap, review these images
  Dice >= 0.80  → strong, especially for small masks

Per-image results saved to : /home/u32/verasjackson/groundingLMM-UA/performance_result2/eval_results.csv
Summary saved to           : /home/u32/verasjackson/groundingLMM-UA/performance_result2/eval_summary.txt
