Found 85 JSON files. Evaluating...

  GL003_211                       IoU=0.002  Dice=0.004
  GL004_454                       IoU=0.030  Dice=0.058
  GL011_337                       IoU=0.001  Dice=0.001
  GL012_243                       IoU=0.038  Dice=0.073
  GL013_479                       IoU=0.000  Dice=0.000
  GL019_412                       IoU=0.002  Dice=0.004
  GL025_463                       IoU=0.074  Dice=0.139
  GL035_296                       IoU=0.000  Dice=0.000
  GL036_118                       IoU=0.180  Dice=0.306
  GL039_178                       IoU=0.013  Dice=0.025
  GL040_316                       IoU=0.014  Dice=0.028
  GL047_001                       IoU=0.002  Dice=0.004
  GL053_445                       IoU=0.028  Dice=0.054
  GL078_277                       IoU=0.002  Dice=0.005
  GL091_059                       IoU=0.000  Dice=0.000
  GL101_294                       IoU=0.010  Dice=0.020
  GL101_431                       IoU=0.002  Dice=0.004
  GL108_053                       IoU=0.000  Dice=0.000
  GL115_288                       IoU=0.006  Dice=0.011
  GL125_342                       IoU=0.038  Dice=0.072
  GL128_187                       IoU=0.006  Dice=0.012
  GL142_148                       IoU=0.018  Dice=0.035
  GL161_076                       IoU=0.009  Dice=0.018
  GL165_453                       IoU=0.003  Dice=0.006
  GL169_454                       IoU=0.139  Dice=0.244
  GL175_031                       IoU=0.099  Dice=0.180
  GL187_489                       IoU=0.302  Dice=0.464
  GL202_292                       IoU=0.008  Dice=0.015
  GL206_138                       IoU=0.079  Dice=0.146
  GL209_340                       IoU=0.076  Dice=0.141
  GL210_384                       IoU=0.108  Dice=0.195
  GL218_457                       IoU=0.043  Dice=0.083
  GL219_222                       IoU=0.095  Dice=0.173
  GL224_469                       IoU=0.000  Dice=0.000
  GL226_448                       IoU=0.075  Dice=0.140
  GL239_176                       IoU=0.488  Dice=0.656
  GL243_056                       IoU=0.044  Dice=0.084
  GL243_068                       IoU=0.000  Dice=0.000
  GL245_481                       IoU=0.018  Dice=0.035
  GL246_047                       IoU=0.008  Dice=0.017
  GL247_146                       IoU=0.453  Dice=0.624
  GL249_032                       IoU=0.258  Dice=0.410
  GL256_333                       IoU=0.261  Dice=0.413
  GL265_465                       IoU=0.141  Dice=0.248
  GL268_325                       IoU=0.012  Dice=0.024
  GL268_337                       IoU=0.374  Dice=0.544
  GL272_045                       IoU=0.830  Dice=0.907
  GL273_191                       IoU=0.441  Dice=0.612
  GL275_358                       IoU=0.023  Dice=0.045
  GL283_118                       IoU=0.230  Dice=0.373
  GL293_025                       IoU=0.000  Dice=0.000  [no predicted masks]
  GL296_169                       IoU=0.147  Dice=0.256
  GL305_463                       IoU=0.081  Dice=0.151
  GL307_225                       IoU=0.004  Dice=0.009
  GL308_165                       IoU=0.000  Dice=0.000  [no predicted masks]
  GL309_064                       IoU=0.310  Dice=0.473
  GL326_008                       IoU=0.080  Dice=0.148
  GL329_039                       IoU=0.009  Dice=0.018
  GL333_181                       IoU=0.415  Dice=0.587
  GL334_489                       IoU=0.088  Dice=0.163
  GL347_306                       IoU=0.016  Dice=0.032
  GL350_357                       IoU=0.070  Dice=0.130
  GL350_365                       IoU=0.000  Dice=0.000
  GL352_319                       IoU=0.000  Dice=0.000
  GL353_293                       IoU=0.004  Dice=0.008
  GL359_011                       IoU=0.142  Dice=0.248
  GL370_058                       IoU=0.000  Dice=0.000
  GL373_056                       IoU=0.032  Dice=0.062
  GL374_220                       IoU=0.004  Dice=0.007
  GL375_160                       IoU=0.035  Dice=0.068
  GL378_073                       IoU=0.008  Dice=0.015
  GL379_189                       IoU=0.006  Dice=0.011
  GL403_467                       IoU=0.967  Dice=0.983
  GL404_174                       IoU=0.010  Dice=0.019
  GL500_053                       IoU=0.000  Dice=0.000  [no predicted masks]
  GL519_234                       IoU=0.063  Dice=0.118
  GL541_082                       IoU=0.077  Dice=0.142
  GL555_156                       IoU=0.141  Dice=0.247
  GL555_194                       IoU=0.000  Dice=0.000
  GL578_059                       IoU=0.292  Dice=0.453
  GL600_455                       IoU=0.036  Dice=0.070
  GL611_119                       IoU=0.000  Dice=0.000
  GL636_444                       IoU=0.624  Dice=0.768
  GL643_033                       IoU=0.072  Dice=0.134
  GL644_083                       IoU=0.053  Dice=0.101

====================================================
EVALUATION SUMMARY
====================================================
Images evaluated   : 85
Missing GT masks   : 0
Mean IoU           : 0.1043
Mean Dice          : 0.1538
Hit rate (IoU>=0.50): 0.0353  (3/85)
====================================================

Metric guide:
  IoU  >= 0.75  → strong segmentation
  IoU  >= 0.50  → acceptable (COCO standard threshold)
  IoU  <  0.25  → poor overlap, review these images
  Dice >= 0.80  → strong, especially for small masks

Per-image results saved to : /home/u32/verasjackson/groundingLMM-UA/performance_result2/eval_results.csv
Summary saved to           : /home/u32/verasjackson/groundingLMM-UA/performance_result2/eval_summary.txt
