Found 85 JSON files. Processing...

Processing: GL003_211
  Saved: GL003_211_mask0.png
Processing: GL004_454
  Saved: GL004_454_mask0.png
Processing: GL011_337
  Saved: GL011_337_mask0.png
Processing: GL012_243
  Saved: GL012_243_mask0.png
Processing: GL013_479
  Saved: GL013_479_mask0.png
Processing: GL019_412
  Saved: GL019_412_mask0.png
Processing: GL025_463
  Saved: GL025_463_mask0.png
Processing: GL035_296
  Saved: GL035_296_mask0.png
Processing: GL036_118
  Saved: GL036_118_mask0.png
Processing: GL039_178
  Saved: GL039_178_mask0.png
Processing: GL040_316
  Saved: GL040_316_mask0.png
Processing: GL047_001
  Saved: GL047_001_mask0.png
Processing: GL053_445
  Saved: GL053_445_mask0.png
Processing: GL078_277
  Saved: GL078_277_mask0.png
Processing: GL091_059
  Saved: GL091_059_mask0.png
Processing: GL101_294
  Saved: GL101_294_mask0.png
Processing: GL101_431
  Saved: GL101_431_mask0.png
Processing: GL108_053
  Saved: GL108_053_mask0.png
Processing: GL115_288
  Saved: GL115_288_mask0.png
Processing: GL125_342
  Saved: GL125_342_mask0.png
Processing: GL128_187
  Saved: GL128_187_mask0.png
Processing: GL142_148
  Saved: GL142_148_mask0.png
Processing: GL161_076
  Saved: GL161_076_mask0.png
Processing: GL165_453
  Saved: GL165_453_mask0.png
Processing: GL169_454
  Saved: GL169_454_mask0.png
Processing: GL175_031
  Saved: GL175_031_mask0.png
Processing: GL187_489
  Saved: GL187_489_mask0.png
Processing: GL202_292
  Saved: GL202_292_mask0.png
Processing: GL206_138
  Saved: GL206_138_mask0.png
Processing: GL209_340
  Saved: GL209_340_mask0.png
Processing: GL210_384
  Saved: GL210_384_mask0.png
Processing: GL218_457
  Saved: GL218_457_mask0.png
Processing: GL219_222
  Saved: GL219_222_mask0.png
Processing: GL224_469
  Saved: GL224_469_mask0.png
Processing: GL226_448
  Saved: GL226_448_mask0.png
Processing: GL239_176
  Saved: GL239_176_mask0.png
Processing: GL243_056
  Saved: GL243_056_mask0.png
Processing: GL243_068
  Saved: GL243_068_mask0.png
Processing: GL245_481
  Saved: GL245_481_mask0.png
Processing: GL246_047
  Saved: GL246_047_mask0.png
Processing: GL247_146
  Saved: GL247_146_mask0.png
Processing: GL249_032
  Saved: GL249_032_mask0.png
Processing: GL256_333
  Saved: GL256_333_mask0.png
Processing: GL265_465
  Saved: GL265_465_mask0.png
Processing: GL268_325
  Saved: GL268_325_mask0.png
Processing: GL268_337
  Saved: GL268_337_mask0.png
Processing: GL272_045
  Saved: GL272_045_mask0.png
Processing: GL273_191
  Saved: GL273_191_mask0.png
Processing: GL275_358
  Saved: GL275_358_mask0.png
Processing: GL283_118
  Saved: GL283_118_mask0.png
Processing: GL293_025
  [SKIP] No masks in /home/u32/verasjackson/groundingLMM-UA/output_inference_colormerging/GL293_025.json
Processing: GL296_169
  Saved: GL296_169_mask0.png
Processing: GL305_463
  Saved: GL305_463_mask0.png
Processing: GL307_225
  Saved: GL307_225_mask0.png
Processing: GL308_165
  [SKIP] No masks in /home/u32/verasjackson/groundingLMM-UA/output_inference_colormerging/GL308_165.json
Processing: GL309_064
  Saved: GL309_064_mask0.png
Processing: GL326_008
  Saved: GL326_008_mask0.png
Processing: GL329_039
  Saved: GL329_039_mask0.png
Processing: GL333_181
  Saved: GL333_181_mask0.png
Processing: GL334_489
  Saved: GL334_489_mask0.png
Processing: GL347_306
  Saved: GL347_306_mask0.png
Processing: GL350_357
  Saved: GL350_357_mask0.png
Processing: GL350_365
  Saved: GL350_365_mask0.png
Processing: GL352_319
  Saved: GL352_319_mask0.png
Processing: GL353_293
  Saved: GL353_293_mask0.png
Processing: GL359_011
  Saved: GL359_011_mask0.png
Processing: GL370_058
  Saved: GL370_058_mask0.png
Processing: GL373_056
  Saved: GL373_056_mask0.png
Processing: GL374_220
  Saved: GL374_220_mask0.png
Processing: GL375_160
  Saved: GL375_160_mask0.png
Processing: GL378_073
  Saved: GL378_073_mask0.png
Processing: GL379_189
  Saved: GL379_189_mask0.png
Processing: GL403_467
  Saved: GL403_467_mask0.png
Processing: GL404_174
  Saved: GL404_174_mask0.png
Processing: GL500_053
  [SKIP] No masks in /home/u32/verasjackson/groundingLMM-UA/output_inference_colormerging/GL500_053.json
Processing: GL519_234
  Saved: GL519_234_mask0.png
Processing: GL541_082
  Saved: GL541_082_mask0.png
Processing: GL555_156
  Saved: GL555_156_mask0.png
Processing: GL555_194
  Saved: GL555_194_mask0.png
Processing: GL578_059
  Saved: GL578_059_mask0.png
Processing: GL600_455
  Saved: GL600_455_mask0.png
Processing: GL611_119
  Saved: GL611_119_mask0.png
Processing: GL636_444
  Saved: GL636_444_mask0.png
Processing: GL643_033
  Saved: GL643_033_mask0.png
Processing: GL644_083
  Saved: GL644_083_mask0.png

Done.
